
. 
. * 4. Import dữ liệu CSV
. import delimited output4stata.csv, clear
(encoding automatically selected: UTF-8)
(8 vars, 405 obs)

. 
. * 5. Tạo biến STT nếu cần (dùng làm chỉ mục hoặc cho chuỗi thời gian)
. gen STT = _n

. 
. * 6. Sắp xếp dữ liệu theo STT (tùy chọn)
. sort STT

. 
. **************************************************
. * PHẦN 1: THỐNG KÊ MÔ TẢ
. **************************************************
. 
. * 6.1 Thống kê mô tả chung cho các chỉ số thi đấu
. tabstat goals assists distance total_minutes, ///
>     statistics(mean count max min range sd variance cv semean skewness kurtosis median) ///
>     columns(statistics)

    Variable |      Mean         N       Max       Min     Range        SD  Variance        CV  se(mean)
-------------+------------------------------------------------------------------------------------------
       goals |  1.434568       405        13         0        13  1.834431  3.365139  1.278734  .0911536
     assists |  1.093827       405         9         0         9  1.177801  1.387214   1.07677  .0585254
    distance |  .3777648       405         1         0         1  .2022273  .0408959  .5353261  .0100488
total_minu~s |   .387576       405         1         0         1  .2064164  .0426077  .5325829  .0102569
--------------------------------------------------------------------------------------------------------

    Variable |  Skewness  Kurtosis       p50
-------------+------------------------------
       goals |   2.78312  13.67033         1
     assists |  1.865584  9.083891         1
    distance |  .3027991  2.518231  .3655531
total_minu~s |    .36592  2.625273  .3859517
--------------------------------------------

. 
. * 6.2 Bảng tần suất (frequency tables)
. tabulate goals

      goals |      Freq.     Percent        Cum.
------------+-----------------------------------
          0 |        125       30.86       30.86
          1 |        157       38.77       69.63
          2 |         53       13.09       82.72
          3 |         35        8.64       91.36
          4 |         13        3.21       94.57
          5 |          6        1.48       96.05
          6 |          4        0.99       97.04
          7 |          4        0.99       98.02
          8 |          4        0.99       99.01
         11 |          2        0.49       99.51
         12 |          1        0.25       99.75
         13 |          1        0.25      100.00
------------+-----------------------------------
      Total |        405      100.00

. tabulate assists

    assists |      Freq.     Percent        Cum.
------------+-----------------------------------
          0 |        136       33.58       33.58
          1 |        168       41.48       75.06
          2 |         59       14.57       89.63
          3 |         23        5.68       95.31
          4 |         12        2.96       98.27
          5 |          5        1.23       99.51
          6 |          1        0.25       99.75
          9 |          1        0.25      100.00
------------+-----------------------------------
      Total |        405      100.00

. 
. * 6.3 Thống kê mô tả theo từng mức độ ghi bàn (goals)
. tabstat goals assists distance total_minutes, ///
>     statistics(mean count max min range sd variance cv semean skewness kurtosis median) ///
>     by(goals) columns(statistics)

Summary for variables: goals assists distance total_minutes
Group variable: goals 

   goals |      Mean         N       Max       Min     Range        SD  Variance        CV  se(mean)  Skewness
---------+----------------------------------------------------------------------------------------------------
       0 |         0       125         0         0         0         0         0         .         0         .
         |     1.488       125         6         1         5  .9212194  .8486452  .6190991  .0823964  2.427817
         |  .3639326       125         1  .0011637  .9988363  .2079513  .0432437  .5714005  .0185997  .3507735
         |  .3723807       125  .9244713         0  .9244713  .2027457  .0411058  .5444582  .0181341  .2784775
---------+----------------------------------------------------------------------------------------------------
       1 |         1       157         1         1         0         0         0         0         0         .
         |  .6178344       157         5         0         5  .9576616  .9171158   1.55003  .0764297  1.880221
         |  .3310676       157  .9213445         0  .9213445  .1902894    .03621   .574775  .0151867  .7084112
         |  .3290887       157  .9252266  .0037764  .9214501  .1858824  .0345523    .56484   .014835  .6657687
---------+----------------------------------------------------------------------------------------------------
       2 |         2        53         2         2         0         0         0         0         0         .
         |  1.150943        53         5         0         5  1.276959  1.630624  1.109489  .1754038  1.281314
         |  .4277754        53  .8750684  .0481928  .8268757  .1993417  .0397371  .4659962  .0273817  .1361757
         |  .4393633        53         1  .0566465  .9433535  .2105225  .0443197  .4791537  .0289175  .3949856
---------+----------------------------------------------------------------------------------------------------
       3 |         3        35         3         3         0         0         0         0         0         .
         |  1.085714        35         4         0         4  1.221653  1.492437  1.125207  .2064971  1.111814
         |  .3976393        35  .7133762  .0719469  .6414293  .1962728   .038523  .4935953  .0331762  -.039095
         |  .4116746        35  .8308157  .0913897   .739426  .1894198  .0358799  .4601202  .0320178 -.0014665
---------+----------------------------------------------------------------------------------------------------
       4 |         4        13         4         4         0         0         0         0         0         .
         |  1.307692        13         5         0         5  1.436698  2.064103  1.098652  .3984685  1.367582
         |  .5547592        13  .7778614  .3045591  .4733023  .1418951  .0201342  .2557777  .0393546 -.2210876
         |  .5764002        13  .9418429  .3670695  .5747734  .1660844   .027584  .2881408  .0460635  .6352628
---------+----------------------------------------------------------------------------------------------------
       5 |         5         6         5         5         0         0         0         0         0         .
         |  1.833333         6         3         1         2  .7527727  .5666667  .4106033  .3073181  .2282688
         |  .4502442         6  .7170728  .2946331  .4224398  .1659073  .0275252  .3684829  .0677314  .5663609
         |  .5697382         6  .7530211  .3376133  .4154078  .1588515  .0252338   .278815  .0648509 -.2273154
---------+----------------------------------------------------------------------------------------------------
       6 |         6         4         6         6         0         0         0         0         0         .
         |      1.25         4         3         0         3  1.258306  1.583333  1.006645  .6291529  .6520237
         |  .4867538         4  .6198658  .3217415  .2981243  .1332424  .0177535  .2737368  .0666212  -.285236
         |  .4546828         4  .5506042  .3119335  .2386707  .1083251  .0117343  .2382433  .0541626  -.509478
---------+----------------------------------------------------------------------------------------------------
       7 |         7         4         7         7         0         0         0         0         0         .
         |      1.75         4         2         1         1        .5       .25  .2857143       .25 -1.154701
         |   .621697         4  .7409639  .5352547  .2057092  .0862997  .0074476  .1388131  .0431498  .6206972
         |  .6474698         4  .8277946  .5362538  .2915408  .1304431  .0170154  .2014659  .0652215   .696162
---------+----------------------------------------------------------------------------------------------------
       8 |         8         4         8         8         0         0         0         0         0         .
         |       1.5         4         3         0         3  1.732051         3  1.154701  .8660254         0
         |  .5103881         4  .6336254  .2684146  .3652108  .1655502  .0274069  .3243615  .0827751 -.9859574
         |  .6569109         4  .8066465  .4984894  .3081571  .1528374  .0233593  .2326608  .0764187 -.0350572
---------+----------------------------------------------------------------------------------------------------
      11 |        11         2        11        11         0         0         0         0         0         .
         |         1         2         2         0         2  1.414214         2  1.414214         1         0
         |  .6550862         2  .7512322  .5589403  .1922919  .1359709  .0184881  .2075619   .096146         0
         |  .7560423         2  .8187311  .6933535  .1253777  .0886554  .0078598  .1172625  .0626888         0
---------+----------------------------------------------------------------------------------------------------
      12 |        12         1        12        12         0         .         .         .         .         .
         |         9         1         9         9         0         .         .         .         .         .
         |  .6514924         1  .6514924  .6514924         0         .         .         .         .         .
         |  .8074018         1  .8074018  .8074018         0         .         .         .         .         .
---------+----------------------------------------------------------------------------------------------------
      13 |        13         1        13        13         0         .         .         .         .         .
         |         4         1         4         4         0         .         .         .         .         .
         |  .5857065         1  .5857065  .5857065         0         .         .         .         .         .
         |  .7915408         1  .7915408  .7915408         0         .         .         .         .         .
---------+----------------------------------------------------------------------------------------------------
   Total |  1.434568       405        13         0        13  1.834431  3.365139  1.278734  .0911536   2.78312
         |  1.093827       405         9         0         9  1.177801  1.387214   1.07677  .0585254  1.865584
         |  .3777648       405         1         0         1  .2022273  .0408959  .5353261  .0100488  .3027991
         |   .387576       405         1         0         1  .2064164  .0426077  .5325829  .0102569    .36592
--------------------------------------------------------------------------------------------------------------

   goals |  Kurtosis       p50
---------+--------------------
       0 |         .         0
         |  9.617018         1
         |  2.718083  .3624042
         |  2.571411  .3874622
---------+--------------------
       1 |         .         1
         |    6.7944         0
         |  3.352123  .3098987
         |  3.171445  .2953172
---------+--------------------
       2 |         .         2
         |  4.005797         1
         |  2.503511  .4205914
         |  3.082011  .4441088
---------+--------------------
       3 |         .         3
         |  3.445455         1
         |  1.770044  .4123768
         |  2.214652  .4267372
---------+--------------------
       4 |         .         4
         |  4.370645         1
         |  2.056922  .5527108
         |  2.817857  .5475831
---------+--------------------
       5 |         .         5
         |  2.107266         2
         |  2.008291  .4236377
         |  1.724376  .5664653
---------+--------------------
       6 |         .         6
         |  2.096953         1
         |  1.548098   .502704
         |  1.696644  .4780967
---------+--------------------
       7 |         .         7
         |  2.333333         2
         |  2.071278  .6052848
         |  1.914775  .6129154
---------+--------------------
       8 |         .         8
         |         1       1.5
         |  2.198193  .5697563
         |  1.131146  .6612538
---------+--------------------
      11 |         .        11
         |         1         1
         |         1  .6550862
         |         1  .7560423
---------+--------------------
      12 |         .        12
         |         .         9
         |         .  .6514924
         |         .  .8074018
---------+--------------------
      13 |         .        13
         |         .         4
         |         .  .5857065
         |         .  .7915408
---------+--------------------
   Total |  13.67033         1
         |  9.083891         1
         |  2.518231  .3655531
         |  2.625273  .3859517
------------------------------

. 
. * 6.4 Phân tích tương quan giữa các biến
. pwcorr goals assists distance total_minutes, sig

             |    goals  assists distance total_~s
-------------+------------------------------------
       goals |   1.0000 
             |
             |
     assists |   0.1483   1.0000 
             |   0.0028
             |
    distance |   0.2483   0.3682   1.0000 
             |   0.0000   0.0000
             |
total_minu~s |   0.3270   0.4156   0.9409   1.0000 
             |   0.0000   0.0000   0.0000
             |

. 
. **************************************************
. * PHẦN 2: HỒI QUY TUYẾN TÍNH ĐƠN GIẢN
. **************************************************
. 
. regress rating goals assists distance total_minutes

      Source |       SS           df       MS      Number of obs   =       405
-------------+----------------------------------   F(4, 400)       >  99999.00
       Model |  205.011979         4  51.2529949   Prob > F        =    0.0000
    Residual |  .018575445       400  .000046439   R-squared       =    0.9999
-------------+----------------------------------   Adj R-squared   =    0.9999
       Total |  205.030555       404  .507501373   Root MSE        =    .00681

-------------------------------------------------------------------------------
       rating | Coefficient  Std. err.      t    P>|t|     [95% conf. interval]
--------------+----------------------------------------------------------------
        goals |   .3344238    .000199  1680.29   0.000     .3340326    .3348151
      assists |   .3343803   .0003174  1053.62   0.000     .3337564    .3350042
     distance |  -.6290167   .0050523  -124.50   0.000    -.6389491   -.6190844
total_minutes |  -1.929204   .0051766  -372.68   0.000     -1.93938   -1.919027
        _cons |   4.946025   .0007353  6726.68   0.000      4.94458    4.947471
-------------------------------------------------------------------------------

. 
. **************************************************
. * PHẦN 3: KIỂM ĐỊNH GIẢ THUYẾT MÔ HÌNH
. **************************************************
. 
. * 3.1 Kiểm định Ramsey RESET (đúng dạng mô hình hay không)
. ovtest

Ramsey RESET test for omitted variables
Omitted: Powers of fitted values of rating

H0: Model has no omitted variables

F(3, 397) =   0.24
 Prob > F = 0.8690

. 
. * 3.2 Kiểm định đa cộng tuyến
. vif

    Variable |       VIF       1/VIF  
-------------+----------------------
total_minu~s |      9.93    0.100675
    distance |      9.08    0.110114
     assists |      1.22    0.822704
       goals |      1.16    0.862318
-------------+----------------------
    Mean VIF |      5.35

. 
. * 3.3 Cài đặt chuỗi thời gian nếu muốn kiểm định tự tương quan (dựa vào STT)
. tsset STT

Time variable: STT, 1 to 405
        Delta: 1 unit

. 
. * 3.4 Kiểm định tự tương quan
. estat durbinalt         // Durbin alternative test

Durbin's alternative test for autocorrelation
---------------------------------------------------------------------------
    lags(p)  |          chi2               df                 Prob > chi2
-------------+-------------------------------------------------------------
       1     |          0.008               1                   0.9307
---------------------------------------------------------------------------
                        H0: no serial correlation

. * Nếu muốn dùng Breusch-Godfrey bậc 1:
. * Cần cài đặt nếu chưa có:
. * ssc install bgodfrey
. bgodfrey, lags(1)

Breusch–Godfrey LM test for autocorrelation
---------------------------------------------------------------------------
    lags(p)  |          chi2               df                 Prob > chi2
-------------+-------------------------------------------------------------
       1     |          0.008               1                   0.9302
---------------------------------------------------------------------------
                        H0: no serial correlation

. 
. * 3.5 Kiểm định phương sai sai số thay đổi
. estat imtest            // Kiểm định White

Cameron & Trivedi's decomposition of IM-test

--------------------------------------------------
              Source |       chi2     df         p
---------------------+----------------------------
  Heteroskedasticity |       3.55     14    0.9976
            Skewness |       3.76      4    0.4390
            Kurtosis |       2.54      1    0.1111
---------------------+----------------------------
               Total |       9.85     19    0.9565
--------------------------------------------------

. estat hettest           // Breusch–Pagan

Breusch–Pagan/Cook–Weisberg test for heteroskedasticity 
Assumption: Normal error terms
Variable: Fitted values of rating

H0: Constant variance

    chi2(1) =  13.78
Prob > chi2 = 0.0002

. 
. **************************************************
. * KẾT THÚC PHÂN TÍCH
. **************************************************
. log close
      name:  <unnamed>
       log:  C:\Users\ADMIN\OneDrive\Máy tính\tai lieu hoc tap\kinh tế lượng\data_science_stata\csv\output4stata.
> log
  log type:  text
 closed on:   3 May 2025, 15:12:53
-----------------------------------------------------------------------------------------------------------------
