
. 
. * 4. Import dữ liệu CSV
. import delimited output.csv, clear
(encoding automatically selected: UTF-8)
(8 vars, 405 obs)

. 
. * 5. Tạo biến STT nếu cần (dùng làm chỉ mục hoặc cho chuỗi thời gian)
. gen STT = _n

. 
. * 6. Sắp xếp dữ liệu theo STT (tùy chọn)
. sort STT

. 
. **************************************************
. * PHẦN 1: THỐNG KÊ MÔ TẢ
. **************************************************
. 
. * 6.1 Thống kê mô tả chung cho các chỉ số thi đấu
. tabstat rating goals assists distance total_minutes, ///
>     statistics(mean count max min range sd variance cv semean skewness kurtosis median) ///
>     columns(statistics)

    Variable |      Mean         N       Max       Min     Range        SD  Variance        CV  se(mean)
-------------+------------------------------------------------------------------------------------------
      rating |    4.8062       405        10  3.222183  6.777817  .7123913  .5075014  .1482234   .035399
       goals |  1.434568       405        13         0        13  1.834431  3.365139  1.278734  .0911536
     assists |  1.093827       405         9         0         9  1.177801  1.387214   1.07677  .0585254
    distance |  62.24388       405    153.14      7.06    146.08  29.54137  872.6926  .4746069  1.467923
total_minu~s |  549.1506       405      1360        36      1324  273.2953   74690.3   .497669  13.58015
--------------------------------------------------------------------------------------------------------

    Variable |  Skewness  Kurtosis       p50
-------------+------------------------------
      rating |  1.662367   11.8986  4.782251
       goals |   2.78312  13.67033         1
     assists |  1.865584  9.083891         1
    distance |  .3027991  2.518231     60.46
total_minu~s |    .36592  2.625273       547
--------------------------------------------

. 
. * 6.2 Bảng tần suất (frequency tables)
. tabulate goals

      goals |      Freq.     Percent        Cum.
------------+-----------------------------------
          0 |        125       30.86       30.86
          1 |        157       38.77       69.63
          2 |         53       13.09       82.72
          3 |         35        8.64       91.36
          4 |         13        3.21       94.57
          5 |          6        1.48       96.05
          6 |          4        0.99       97.04
          7 |          4        0.99       98.02
          8 |          4        0.99       99.01
         11 |          2        0.49       99.51
         12 |          1        0.25       99.75
         13 |          1        0.25      100.00
------------+-----------------------------------
      Total |        405      100.00

. tabulate assists

    assists |      Freq.     Percent        Cum.
------------+-----------------------------------
          0 |        136       33.58       33.58
          1 |        168       41.48       75.06
          2 |         59       14.57       89.63
          3 |         23        5.68       95.31
          4 |         12        2.96       98.27
          5 |          5        1.23       99.51
          6 |          1        0.25       99.75
          9 |          1        0.25      100.00
------------+-----------------------------------
      Total |        405      100.00

. 
. * 6.3 Thống kê mô tả theo từng mức độ ghi bàn (goals)
. tabstat rating goals assists distance total_minutes, ///
>     statistics(mean count max min range sd variance cv semean skewness kurtosis median) ///
>     by(goals) columns(statistics)

Summary for variables: rating goals assists distance total_minutes
Group variable: goals 

   goals |      Mean         N       Max       Min     Range        SD  Variance        CV  se(mean)  Skewness
---------+----------------------------------------------------------------------------------------------------
       0 |  4.496523       125  5.472731  3.307493  2.165237  .4783341  .2288035  .1063787  .0427835 -.2870594
         |         0       125         0         0         0         0         0         .         0         .
         |     1.488       125         6         1         5  .9212194  .8486452  .6190991  .0823964  2.427817
         |  60.22328       125    153.14      7.23    145.91  30.37753  922.7941   .504415  2.717049  .3507735
         |   529.032       125      1260        36      1224  268.4353  72057.53  .5074085  24.00959  .2784775
---------+----------------------------------------------------------------------------------------------------
       1 |  4.643207       157  6.284793  3.222183   3.06261  .4833937  .2336695  .1041077   .038579 -.4801843
         |         1       157         1         1         0         0         0         0         0         .
         |  .6178344       157         5         0         5  .9576616  .9171158   1.55003  .0764297  1.880221
         |  55.42236       157    141.65      7.06    134.59  27.79747  772.6994   .501557   2.21848  .7084112
         |  471.7134       157      1261        41      1220  246.1083  60569.31  .5217328  19.64158  .6657688
---------+----------------------------------------------------------------------------------------------------
       2 |  4.884226        53  5.696824  3.512578  2.184246  .4937485  .2437876  .1010904  .0678216 -.4528937
         |         2        53         2         2         0         0         0         0         0         .
         |  1.150943        53         5         0         5  1.276959  1.630624  1.109489  .1754038  1.281314
         |  69.54943        53    134.89      14.1    120.79  29.11984   847.965  .4186927  3.999918  .1361757
         |   617.717        53      1360       111      1249  278.7318  77691.44   .451229  38.28676  .3949856
---------+----------------------------------------------------------------------------------------------------
       3 |  5.268997        35  6.240353  4.283841  1.956512   .480886  .2312514  .0912671  .0812846 -.2138184
         |         3        35         3         3         0         0         0         0         0         .
         |  1.085714        35         4         0         4  1.221653  1.492437  1.125207  .2064971  1.111814
         |  65.14714        35    111.27     17.57      93.7  28.67154  822.0571  .4401043  4.846374 -.0390951
         |  581.0571        35      1136       157       979  250.7918  62896.53   .431613  42.39155 -.0014666
---------+----------------------------------------------------------------------------------------------------
       4 |  5.259417        13  6.650414  4.395687  2.254727  .5729368  .3282566  .1089354  .1589041  .7364354
         |         4        13         4         4         0         0         0         0         0         .
         |  1.307692        13         5         0         5  1.436698  2.064103  1.098652  .3984685  1.367582
         |  88.09923        13    120.69     51.55     69.14  20.72803  429.6512  .2352805  5.748921 -.2210874
         |  799.1538        13      1283       522       761  219.8958  48354.14  .2751607  60.98811  .6352628
---------+----------------------------------------------------------------------------------------------------
       5 |  5.849047         6   6.44718  5.048055  1.399126  .4767735  .2273129   .081513   .194642 -.5410992
         |         5         6         5         5         0         0         0         0         0         .
         |  1.833333         6         3         1         2  .7527727  .5666667  .4106033  .3073181  .2282688
         |  72.83167         6    111.81      50.1     61.71  24.23573  587.3708  .3327637  9.894197  .5663607
         |  790.3333         6      1033       483       550  210.3194  44234.27  .2661149  85.86255 -.2273152
---------+----------------------------------------------------------------------------------------------------
       6 |  6.185826         4  6.584424  5.833024     .7514  .4031987  .1625692  .0651811  .2015994  .0318629
         |         6         4         6         6         0         0         0         0         0         .
         |      1.25         4         3         0         3  1.258306  1.583333  1.006645  .6291529  .6520237
         |    78.165         4     97.61     54.06     43.55  19.46405  378.8494  .2490124  9.732027 -.2852362
         |       638         4       765       449       316  143.4225     20570  .2248001  71.71123 -.5094781
---------+----------------------------------------------------------------------------------------------------
       7 |  6.230941         4  6.583257  5.983579   .599678  .2546091  .0648258  .0408621  .1273046  .6466988
         |         7         4         7         7         0         0         0         0         0         .
         |      1.75         4         2         1         1        .5       .25  .2857143       .25 -1.154701
         |   97.8775         4     115.3     85.25     30.05  12.60665  158.9277  .1288003  6.303327  .6206965
         |    893.25         4      1132       746       386  172.7066  29827.58  .1933464  86.35332  .6961621
---------+----------------------------------------------------------------------------------------------------
       8 |  6.534716         4  6.769059  6.207776  .5612831  .2462467  .0606375  .0376829  .1231234 -.5073384
         |         8         4         8         8         0         0         0         0         0         .
         |       1.5         4         3         0         3  1.732051         3  1.154701  .8660254         0
         |   81.6175         4     99.62     46.27     53.35  24.18358  584.8455  .2963038  12.09179 -.9859571
         |    905.75         4      1104       696       408  202.3567  40948.25  .2234135  101.1784 -.0350572
---------+----------------------------------------------------------------------------------------------------
      11 |  7.087648         2  7.240136  6.935161   .304975  .2156499  .0465049  .0304262  .1524875         0
         |        11         2        11        11         0         0         0         0         0         .
         |         1         2         2         0         2  1.414214         2  1.414214         1         0
         |   102.755         2     116.8     88.71     28.09  19.86263  394.5242  .1933009    14.045         0
         |      1037         2      1120       954       166  117.3797     13778  .1131916        83         0
---------+----------------------------------------------------------------------------------------------------
      12 |        10         1        10        10         0         .         .         .         .         .
         |        12         1        12        12         0         .         .         .         .         .
         |         9         1         9         9         0         .         .         .         .         .
         |    102.23         1    102.23    102.23         0         .         .         .         .         .
         |      1105         1      1105      1105         0         .         .         .         .         .
---------+----------------------------------------------------------------------------------------------------
      13 |   8.73534         1   8.73534   8.73534         0         .         .         .         .         .
         |        13         1        13        13         0         .         .         .         .         .
         |         4         1         4         4         0         .         .         .         .         .
         |     92.62         1     92.62     92.62         0         .         .         .         .         .
         |      1084         1      1084      1084         0         .         .         .         .         .
---------+----------------------------------------------------------------------------------------------------
   Total |    4.8062       405        10  3.222183  6.777817  .7123913  .5075014  .1482234   .035399  1.662367
         |  1.434568       405        13         0        13  1.834431  3.365139  1.278734  .0911536   2.78312
         |  1.093827       405         9         0         9  1.177801  1.387214   1.07677  .0585254  1.865584
         |  62.24388       405    153.14      7.06    146.08  29.54137  872.6926  .4746069  1.467923  .3027991
         |  549.1506       405      1360        36      1324  273.2953   74690.3   .497669  13.58015    .36592
--------------------------------------------------------------------------------------------------------------

   goals |  Kurtosis       p50
---------+--------------------
       0 |  2.399468   4.51814
         |         .         0
         |  9.617018         1
         |  2.718083        60
         |  2.571411       549
---------+--------------------
       1 |  4.245759  4.699651
         |         .         1
         |    6.7944         0
         |  3.352123     52.33
         |  3.171445       427
---------+--------------------
       2 |  3.158247  4.909461
         |         .         2
         |  4.005797         1
         |  2.503511      68.5
         |  3.082011       624
---------+--------------------
       3 |  2.256353   5.30116
         |         .         3
         |  3.445455         1
         |  1.770044      67.3
         |  2.214652       601
---------+--------------------
       4 |   3.88121  5.335542
         |         .         4
         |  4.370645         1
         |  2.056922      87.8
         |  2.817857       761
---------+--------------------
       5 |  2.560403  5.854849
         |         .         5
         |  2.107266         2
         |   2.00829    68.945
         |  1.724376       786
---------+--------------------
       6 |  1.043359  6.162928
         |         .         6
         |  2.096953         1
         |  1.548098    80.495
         |  1.696644       669
---------+--------------------
       7 |  2.034147  6.178464
         |         .         7
         |  2.333333         2
         |  2.071278     95.48
         |  1.914775     847.5
---------+--------------------
       8 |  1.786412  6.581015
         |         .         8
         |         1       1.5
         |  2.198193     90.29
         |  1.131146     911.5
---------+--------------------
      11 |         1  7.087648
         |         .        11
         |         1         1
         |         1   102.755
         |         1      1037
---------+--------------------
      12 |         .        10
         |         .        12
         |         .         9
         |         .    102.23
         |         .      1105
---------+--------------------
      13 |         .   8.73534
         |         .        13
         |         .         4
         |         .     92.62
         |         .      1084
---------+--------------------
   Total |   11.8986  4.782251
         |  13.67033         1
         |  9.083891         1
         |  2.518231     60.46
         |  2.625273       547
------------------------------

. 
. * 6.4 Phân tích tương quan giữa các biến
. pwcorr goals assists distance total_minutes, sig

             |    goals  assists distance total_~s
-------------+------------------------------------
       goals |   1.0000 
             |
             |
     assists |   0.1483   1.0000 
             |   0.0028
             |
    distance |   0.2483   0.3682   1.0000 
             |   0.0000   0.0000
             |
total_minu~s |   0.3270   0.4156   0.9409   1.0000 
             |   0.0000   0.0000   0.0000
             |

. 
. **************************************************
. * PHẦN 2: HỒI QUY TUYẾN TÍNH ĐƠN GIẢN
. **************************************************
. 
. regress rating goals assists distance total_minutes

      Source |       SS           df       MS      Number of obs   =       405
-------------+----------------------------------   F(4, 400)       >  99999.00
       Model |  205.011979         4  51.2529949   Prob > F        =    0.0000
    Residual |  .018575442       400  .000046439   R-squared       =    0.9999
-------------+----------------------------------   Adj R-squared   =    0.9999
       Total |  205.030555       404  .507501373   Root MSE        =    .00681

-------------------------------------------------------------------------------
       rating | Coefficient  Std. err.      t    P>|t|     [95% conf. interval]
--------------+----------------------------------------------------------------
        goals |   .3344238    .000199  1680.29   0.000     .3340326    .3348151
      assists |   .3343803   .0003174  1053.62   0.000     .3337564    .3350042
     distance |   -.004306   .0000346  -124.50   0.000     -.004374    -.004238
total_minutes |  -.0014571   3.91e-06  -372.68   0.000    -.0014648   -.0014494
        _cons |   5.028881   .0007974  6306.90   0.000     5.027314    5.030449
-------------------------------------------------------------------------------

. 
. **************************************************
. * PHẦN 3: KIỂM ĐỊNH GIẢ THUYẾT MÔ HÌNH
. **************************************************
. 
. * 3.1 Kiểm định Ramsey RESET (đúng dạng mô hình hay không)
. ovtest

Ramsey RESET test for omitted variables
Omitted: Powers of fitted values of rating

H0: Model has no omitted variables

F(3, 397) =   0.24
 Prob > F = 0.8690

. 
. * 3.2 Kiểm định đa cộng tuyến
. vif

    Variable |       VIF       1/VIF  
-------------+----------------------
total_minu~s |      9.93    0.100675
    distance |      9.08    0.110114
     assists |      1.22    0.822704
       goals |      1.16    0.862318
-------------+----------------------
    Mean VIF |      5.35

. 
. * 3.3 Cài đặt chuỗi thời gian nếu muốn kiểm định tự tương quan (dựa vào STT)
. tsset STT

Time variable: STT, 1 to 405
        Delta: 1 unit

. 
. * 3.4 Kiểm định tự tương quan
. estat durbinalt         // Durbin alternative test

Durbin's alternative test for autocorrelation
---------------------------------------------------------------------------
    lags(p)  |          chi2               df                 Prob > chi2
-------------+-------------------------------------------------------------
       1     |          0.008               1                   0.9307
---------------------------------------------------------------------------
                        H0: no serial correlation

. * Nếu muốn dùng Breusch-Godfrey bậc 1:
. * Cần cài đặt nếu chưa có:
. * ssc install bgodfrey
. bgodfrey, lags(1)

Breusch–Godfrey LM test for autocorrelation
---------------------------------------------------------------------------
    lags(p)  |          chi2               df                 Prob > chi2
-------------+-------------------------------------------------------------
       1     |          0.008               1                   0.9302
---------------------------------------------------------------------------
                        H0: no serial correlation

. 
. * 3.5 Kiểm định phương sai sai số thay đổi
. estat imtest            // Kiểm định White

Cameron & Trivedi's decomposition of IM-test

--------------------------------------------------
              Source |       chi2     df         p
---------------------+----------------------------
  Heteroskedasticity |       3.55     14    0.9976
            Skewness |       3.76      4    0.4390
            Kurtosis |       2.54      1    0.1111
---------------------+----------------------------
               Total |       9.85     19    0.9565
--------------------------------------------------

. estat hettest           // Breusch–Pagan

Breusch–Pagan/Cook–Weisberg test for heteroskedasticity 
Assumption: Normal error terms
Variable: Fitted values of rating

H0: Constant variance

    chi2(1) =  13.78
Prob > chi2 = 0.0002

. 
. **************************************************
. * KẾT THÚC PHÂN TÍCH
. **************************************************
. log close
      name:  <unnamed>
       log:  C:\Users\ADMIN\OneDrive\Máy tính\tai lieu hoc tap\kinh tế lượng\data_science_stata\csv\output.log
  log type:  text
 closed on:   3 May 2025, 15:37:23
-----------------------------------------------------------------------------------------------------------------
