
. 
. * 4. Import dữ liệu CSV
. import delimited ucl_player_stats.csv, clear
(encoding automatically selected: UTF-8)
(6 vars, 405 obs)

. 
. * 5. Tạo biến STT nếu cần (dùng làm chỉ mục hoặc cho chuỗi thời gian)
. gen STT = _n

. 
. * 6. Sắp xếp dữ liệu theo STT (tùy chọn)
. sort STT

. 
. **************************************************
. * PHẦN 1: THỐNG KÊ MÔ TẢ
. **************************************************
. 
. * 6.1 Thống kê mô tả chung cho các chỉ số thi đấu
. tabstat goals minutes_played_official assists distance_covered top_speed, ///
>     statistics(mean count max min range sd variance cv semean skewness kurtosis median) ///
>     columns(statistics)

    Variable |      Mean         N       Max       Min     Range        SD  Variance        CV
-------------+--------------------------------------------------------------------------------
       goals |  1.434568       405        13         0        13  1.834431  3.365139  1.278734
minutes_pl~l |  549.1506       405      1360        36      1324  273.2953   74690.3   .497669
     assists |  1.093827       405         9         0         9  1.177801  1.387214   1.07677
distance_c~d |  62.24388       405    153.14      7.06    146.08  29.54137  872.6926  .4746069
   top_speed |  32.78953       405     36.57     26.92      9.65  1.564488  2.447623   .047713
----------------------------------------------------------------------------------------------

    Variable |  se(mean)  Skewness  Kurtosis       p50
-------------+----------------------------------------
       goals |  .0911536   2.78312  13.67033         1
minutes_pl~l |  13.58015    .36592  2.625273       547
     assists |  .0585254  1.865584  9.083891         1
distance_c~d |  1.467923  .3027991  2.518231     60.46
   top_speed |    .07774 -.2840214  3.544156     32.83
------------------------------------------------------

. 
. * 6.2 Bảng tần suất (frequency tables)
. tabulate goals

      goals |      Freq.     Percent        Cum.
------------+-----------------------------------
          0 |        125       30.86       30.86
          1 |        157       38.77       69.63
          2 |         53       13.09       82.72
          3 |         35        8.64       91.36
          4 |         13        3.21       94.57
          5 |          6        1.48       96.05
          6 |          4        0.99       97.04
          7 |          4        0.99       98.02
          8 |          4        0.99       99.01
         11 |          2        0.49       99.51
         12 |          1        0.25       99.75
         13 |          1        0.25      100.00
------------+-----------------------------------
      Total |        405      100.00

. tabulate assists

    assists |      Freq.     Percent        Cum.
------------+-----------------------------------
          0 |        136       33.58       33.58
          1 |        168       41.48       75.06
          2 |         59       14.57       89.63
          3 |         23        5.68       95.31
          4 |         12        2.96       98.27
          5 |          5        1.23       99.51
          6 |          1        0.25       99.75
          9 |          1        0.25      100.00
------------+-----------------------------------
      Total |        405      100.00

. 
. * 6.3 Thống kê mô tả theo từng mức độ ghi bàn (goals)
. tabstat minutes_played_official assists distance_covered top_speed, ///
>     statistics(mean count max min range sd variance cv semean skewness kurtosis median) ///
>     by(goals) columns(statistics)

Summary for variables: minutes_played_official assists distance_covered top_speed
Group variable: goals 

   goals |      Mean         N       Max       Min     Range        SD  Variance        CV  se(mean)
---------+------------------------------------------------------------------------------------------
       0 |   529.032       125      1260        36      1224  268.4353  72057.53  .5074085  24.00959
         |     1.488       125         6         1         5  .9212194  .8486452  .6190991  .0823964
         |  60.22328       125    153.14      7.23    145.91  30.37753  922.7941   .504415  2.717049
         |   32.6624       125     36.13     26.92  9.210001  1.611047  2.595473  .0493242  .1440964
---------+------------------------------------------------------------------------------------------
       1 |  471.7134       157      1261        41      1220  246.1083  60569.31  .5217328  19.64158
         |  .6178344       157         5         0         5  .9576616  .9171158   1.55003  .0764297
         |  55.42236       157    141.65      7.06    134.59  27.79747  772.6994   .501557   2.21848
         |   32.5565       157     36.28      28.2  8.079998  1.515323  2.296203  .0465444  .1209359
---------+------------------------------------------------------------------------------------------
       2 |   617.717        53      1360       111      1249  278.7318  77691.44   .451229  38.28676
         |  1.150943        53         5         0         5  1.276959  1.630624  1.109489  .1754038
         |  69.54943        53    134.89      14.1    120.79  29.11984   847.965  .4186927  3.999918
         |  32.94528        53     36.55     29.17  7.379999  1.597653  2.552495  .0484941  .2194545
---------+------------------------------------------------------------------------------------------
       3 |  581.0571        35      1136       157       979  250.7918  62896.53   .431613  42.39155
         |  1.085714        35         4         0         4  1.221653  1.492437  1.125207  .2064971
         |  65.14714        35    111.27     17.57      93.7  28.67154  822.0571  .4401043  4.846374
         |  33.22686        35     35.94     30.62  5.319998  1.326022  1.758335  .0399081  .2241386
---------+------------------------------------------------------------------------------------------
       4 |  799.1538        13      1283       522       761  219.8958  48354.14  .2751607  60.98811
         |  1.307692        13         5         0         5  1.436698  2.064103  1.098652  .3984685
         |  88.09923        13    120.69     51.55     69.14  20.72803  429.6512  .2352805  5.748921
         |  33.91308        13     35.74     32.25  3.490002  1.043555  1.089007  .0307715    .28943
---------+------------------------------------------------------------------------------------------
       5 |  790.3333         6      1033       483       550  210.3194  44234.27  .2661149  85.86255
         |  1.833333         6         3         1         2  .7527727  .5666667  .4106033  .3073181
         |  72.83167         6    111.81      50.1     61.71  24.23573  587.3708  .3327637  9.894197
         |  33.50167         6     35.33     32.18  3.150002  1.221465  1.491978  .0364598  .4986611
---------+------------------------------------------------------------------------------------------
       6 |       638         4       765       449       316  143.4225     20570  .2248001  71.71123
         |      1.25         4         3         0         3  1.258306  1.583333  1.006645  .6291529
         |    78.165         4     97.61     54.06     43.55  19.46405  378.8494  .2490124  9.732027
         |   32.9475         4     34.55     30.89      3.66  1.551008  2.405625  .0470751  .7755039
---------+------------------------------------------------------------------------------------------
       7 |    893.25         4      1132       746       386  172.7066  29827.58  .1933464  86.35332
         |      1.75         4         2         1         1        .5       .25  .2857143       .25
         |   97.8775         4     115.3     85.25     30.05  12.60665  158.9277  .1288003  6.303327
         |     34.02         4     36.42     32.46  3.959999  1.779381  3.166198   .052304  .8896907
---------+------------------------------------------------------------------------------------------
       8 |    905.75         4      1104       696       408  202.3567  40948.25  .2234135  101.1784
         |       1.5         4         3         0         3  1.732051         3  1.154701  .8660254
         |   81.6175         4     99.62     46.27     53.35  24.18358  584.8455  .2963038  12.09179
         |     34.25         4     36.57     31.21  5.360001  2.350603  5.525334  .0686307  1.175301
---------+------------------------------------------------------------------------------------------
      11 |      1037         2      1120       954       166  117.3797     13778  .1131916        83
         |         1         2         2         0         2  1.414214         2  1.414214         1
         |   102.755         2     116.8     88.71     28.09  19.86263  394.5242  .1933009    14.045
         |    31.265         2     32.09     30.44      1.65  1.166726  1.361249  .0373173  .8249998
---------+------------------------------------------------------------------------------------------
      12 |      1105         1      1105      1105         0         .         .         .         .
         |         9         1         9         9         0         .         .         .         .
         |    102.23         1    102.23    102.23         0         .         .         .         .
         |     34.72         1     34.72     34.72         0         .         .         .         .
---------+------------------------------------------------------------------------------------------
      13 |      1084         1      1084      1084         0         .         .         .         .
         |         4         1         4         4         0         .         .         .         .
         |     92.62         1     92.62     92.62         0         .         .         .         .
         |     32.55         1     32.55     32.55         0         .         .         .         .
---------+------------------------------------------------------------------------------------------
   Total |  549.1506       405      1360        36      1324  273.2953   74690.3   .497669  13.58015
         |  1.093827       405         9         0         9  1.177801  1.387214   1.07677  .0585254
         |  62.24388       405    153.14      7.06    146.08  29.54137  872.6926  .4746069  1.467923
         |  32.78953       405     36.57     26.92      9.65  1.564488  2.447623   .047713    .07774
----------------------------------------------------------------------------------------------------

   goals |  Skewness  Kurtosis       p50
---------+------------------------------
       0 |  .2784775  2.571411       549
         |  2.427817  9.617018         1
         |  .3507735  2.718083        60
         | -.8822699  4.784832     32.88
---------+------------------------------
       1 |  .6657688  3.171445       427
         |  1.880221    6.7944         0
         |  .7084112  3.352123     52.33
         |  .0603328  2.724015     32.41
---------+------------------------------
       2 |  .3949856  3.082011       624
         |  1.281314  4.005797         1
         |  .1361757  2.503511      68.5
         |  .0157816  2.806572     32.93
---------+------------------------------
       3 | -.0014666  2.214652       601
         |  1.111814  3.445455         1
         | -.0390951  1.770044      67.3
         |  .1495746  2.459082     33.21
---------+------------------------------
       4 |  .6352628  2.817857       761
         |  1.367582  4.370645         1
         | -.2210874  2.056922      87.8
         |  .1447738  2.234082     33.84
---------+------------------------------
       5 | -.2273152  1.724376       786
         |  .2282688  2.107266         2
         |  .5663607   2.00829    68.945
         |  .3526935  1.727661     33.37
---------+------------------------------
       6 | -.5094781  1.696644       669
         |  .6520237  2.096953         1
         | -.2852362  1.548098    80.495
         | -.4495941  1.894388    33.175
---------+------------------------------
       7 |  .6961621  1.914775     847.5
         | -1.154701  2.333333         2
         |  .6206965  2.071278     95.48
         |  .5929816  1.801012      33.6
---------+------------------------------
       8 | -.0350572  1.131146     911.5
         |         0         1       1.5
         | -.9859571  2.198193     90.29
         | -.4055822  1.705612     34.61
---------+------------------------------
      11 |         0         1      1037
         |         0         1         1
         |         0         1   102.755
         |         0         1    31.265
---------+------------------------------
      12 |         .         .      1105
         |         .         .         9
         |         .         .    102.23
         |         .         .     34.72
---------+------------------------------
      13 |         .         .      1084
         |         .         .         4
         |         .         .     92.62
         |         .         .     32.55
---------+------------------------------
   Total |    .36592  2.625273       547
         |  1.865584  9.083891         1
         |  .3027991  2.518231     60.46
         | -.2840214  3.544156     32.83
----------------------------------------

. 
. * 6.4 Phân tích tương quan giữa các biến
. pwcorr goals minutes_played_official assists distance_covered top_speed, sig

             |    goals minute~l  assists distan~d top_sp~d
-------------+---------------------------------------------
       goals |   1.0000 
             |
             |
minutes_pl~l |   0.3270   1.0000 
             |   0.0000
             |
     assists |   0.1483   0.4156   1.0000 
             |   0.0028   0.0000
             |
distance_c~d |   0.2483   0.9409   0.3682   1.0000 
             |   0.0000   0.0000   0.0000
             |
   top_speed |   0.1528   0.2426   0.1336   0.2155   1.0000 
             |   0.0020   0.0000   0.0071   0.0000
             |

. 
. **************************************************
. * PHẦN 2: HỒI QUY TUYẾN TÍNH ĐƠN GIẢN
. **************************************************
. 
. regress goals minutes_played_official assists distance_covered top_speed

      Source |       SS           df       MS      Number of obs   =       405
-------------+----------------------------------   F(4, 400)       =     16.61
       Model |  193.651794         4  48.4129486   Prob > F        =    0.0000
    Residual |  1165.86426       400  2.91466064   R-squared       =    0.1424
-------------+----------------------------------   Adj R-squared   =    0.1339
       Total |  1359.51605       404  3.36513874   Root MSE        =    1.7072

-----------------------------------------------------------------------------------------
                  goals | Coefficient  Std. err.      t    P>|t|     [95% conf. interval]
------------------------+----------------------------------------------------------------
minutes_played_official |   .0053079   .0009466     5.61   0.000     .0034469    .0071689
                assists |  -.0029655    .079555    -0.04   0.970    -.1593635    .1534326
       distance_covered |  -.0316952   .0085206    -3.72   0.000    -.0484459   -.0149444
              top_speed |   .0834973   .0560379     1.49   0.137    -.0266683    .1936629
                  _cons |  -2.242041   1.807329    -1.24   0.216    -5.795092     1.31101
-----------------------------------------------------------------------------------------

. 
. **************************************************
. * PHẦN 3: KIỂM ĐỊNH GIẢ THUYẾT MÔ HÌNH
. **************************************************
. 
. * 3.1 Kiểm định Ramsey RESET (đúng dạng mô hình hay không)
. ovtest

Ramsey RESET test for omitted variables
Omitted: Powers of fitted values of goals

H0: Model has no omitted variables

F(3, 397) =   4.71
 Prob > F = 0.0031

. 
. * 3.2 Kiểm định đa cộng tuyến
. vif

    Variable |       VIF       1/VIF  
-------------+----------------------
minutes_pl~l |      9.28    0.107793
distance_c~d |      8.78    0.113869
     assists |      1.22    0.821729
   top_speed |      1.07    0.938638
-------------+----------------------
    Mean VIF |      5.09

. 
. * 3.3 Cài đặt chuỗi thời gian nếu muốn kiểm định tự tương quan (dựa vào STT)
. tsset STT

Time variable: STT, 1 to 405
        Delta: 1 unit

. 
. * 3.4 Kiểm định tự tương quan
. estat durbinalt         // Durbin alternative test

Durbin's alternative test for autocorrelation
---------------------------------------------------------------------------
    lags(p)  |          chi2               df                 Prob > chi2
-------------+-------------------------------------------------------------
       1     |       1752.402               1                   0.0000
---------------------------------------------------------------------------
                        H0: no serial correlation

. * Nếu muốn dùng Breusch-Godfrey bậc 1:
. * Cần cài đặt nếu chưa có:
. * ssc install bgodfrey
. bgodfrey, lags(1)

Breusch–Godfrey LM test for autocorrelation
---------------------------------------------------------------------------
    lags(p)  |          chi2               df                 Prob > chi2
-------------+-------------------------------------------------------------
       1     |        329.889               1                   0.0000
---------------------------------------------------------------------------
                        H0: no serial correlation

. 
. * 3.5 Kiểm định phương sai sai số thay đổi
. estat imtest            // Kiểm định White

Cameron & Trivedi's decomposition of IM-test

--------------------------------------------------
              Source |       chi2     df         p
---------------------+----------------------------
  Heteroskedasticity |     125.54     14    0.0000
            Skewness |      53.06      4    0.0000
            Kurtosis |       5.64      1    0.0175
---------------------+----------------------------
               Total |     184.25     19    0.0000
--------------------------------------------------

. estat hettest           // Breusch–Pagan

Breusch–Pagan/Cook–Weisberg test for heteroskedasticity 
Assumption: Normal error terms
Variable: Fitted values of goals

H0: Constant variance

    chi2(1) = 234.26
Prob > chi2 = 0.0000

. 
. **************************************************
. * KẾT THÚC PHÂN TÍCH
. **************************************************
. log close
      name:  <unnamed>
       log:  C:\Users\ADMIN\OneDrive\Máy tính\tai lieu hoc tap\kinh tế lượng\data_science_stata\csv\uc
> l_player_stats.log
  log type:  text
 closed on:   2 May 2025, 20:23:46
------------------------------------------------------------------------------------------------------
